A51 MACRO ASSEMBLER  ARRAYNIBBLETRANSFER                                                  07/16/2024 03:58:21 PAGE     1


MACRO ASSEMBLER A51 V8.2.7.0
OBJECT MODULE PLACED IN .\Objects\ArrayNibbleTransfer.obj
ASSEMBLER INVOKED BY: D:\Keil_v5\C51\BIN\A51.EXE ArrayNibbleTransfer.a51 SET(SMALL) DEBUG PRINT(.\Listings\ArrayNibbleTr
                      ansfer.lst) OBJECT(.\Objects\ArrayNibbleTransfer.obj) EP

LOC  OBJ            LINE     SOURCE

                       1     ;Array Nibble Transfer
0000 7820              2     mov r0,#20h
0002 7D0A              3     mov r5,#0ah
0004 E6                4     loop: mov a,@r0
0005 C4                5             swap a
0006 F6                6             mov @r0,a
0007 08                7             inc r0
0008 DDFA              8             djnz r5,loop
                       9     end
A51 MACRO ASSEMBLER  ARRAYNIBBLETRANSFER                                                  07/16/2024 03:58:21 PAGE     2

SYMBOL TABLE LISTING
------ ----- -------


N A M E             T Y P E  V A L U E   ATTRIBUTES

LOOP . . . . . . .  C ADDR   0004H   A   


REGISTER BANK(S) USED: 0 


ASSEMBLY COMPLETE.  0 WARNING(S), 0 ERROR(S)
