A51 MACRO ASSEMBLER  BUBBLESORT                                                           07/19/2024 11:56:42 PAGE     1


MACRO ASSEMBLER A51 V8.2.7.0
OBJECT MODULE PLACED IN .\Objects\BubbleSort.obj
ASSEMBLER INVOKED BY: D:\Keil_v5\C51\BIN\A51.EXE BubbleSort.a51 SET(SMALL) DEBUG PRINT(.\Listings\BubbleSort.lst) OBJECT
                      (.\Objects\BubbleSort.obj) EP

LOC  OBJ            LINE     SOURCE

0000 7E00              1     mov r6,#00h
0002 7820              2     oLoop:mov r0,#20h
0004 7921              3     mov r1,#21h
0006 7F09              4     mov r7,#09h
0008 EF                5     mov a,r7
0009 C3                6     clr c
000A 9E                7     subb a,r6
000B 04                8     inc a
000C FF                9     mov r7,a
000D E6               10     loop:mov a,@r0
000E 97               11             subb a,@r1
000F 5002             12             jnc exchange
0011 8009             13             jmp then
0013 E6               14             exchange:mov a,@r0
0014 FA               15                             mov r2,a
0015 E7               16                             mov a,@r1
0016 CA               17                             xch a,r2
0017 F7               18                             mov @r1,a
0018 EA               19                             mov a,r2
0019 F6               20                             mov @r0,a
001A 08               21                             inc r0
001B 09               22                             inc r1
001C DFEF             23             then:djnz r7,loop
001E 0E               24     inc r6
001F BE09E0           25     cjne r6,#09h,oLoop
                      26     end
A51 MACRO ASSEMBLER  BUBBLESORT                                                           07/19/2024 11:56:42 PAGE     2

SYMBOL TABLE LISTING
------ ----- -------


N A M E             T Y P E  V A L U E   ATTRIBUTES

EXCHANGE . . . . .  C ADDR   0013H   A   
LOOP . . . . . . .  C ADDR   000DH   A   
OLOOP. . . . . . .  C ADDR   0002H   A   
THEN . . . . . . .  C ADDR   001CH   A   


REGISTER BANK(S) USED: 0 


ASSEMBLY COMPLETE.  0 WARNING(S), 0 ERROR(S)
