A51 MACRO ASSEMBLER  DATAMOVEINMEMORY                                                     07/16/2024 12:37:45 PAGE     1


MACRO ASSEMBLER A51 V8.2.7.0
OBJECT MODULE PLACED IN .\Objects\DataMoveInMemory.obj
ASSEMBLER INVOKED BY: D:\Keil_v5\C51\BIN\A51.EXE DataMoveInMemory.a51 SET(SMALL) DEBUG PRINT(.\Listings\DataMoveInMemory
                      .lst) OBJECT(.\Objects\DataMoveInMemory.obj) EP

LOC  OBJ            LINE     SOURCE

                       1     ;Move one selection of Data in internal memory to another section in internal memory
0000 7820              2     mov r0,#20h
0002 E6                3     mov a,@r0
0003 7930              4     mov r1,#30h
0005 F7                5     mov @r1,a
                       6     end
A51 MACRO ASSEMBLER  DATAMOVEINMEMORY                                                     07/16/2024 12:37:45 PAGE     2

SYMBOL TABLE LISTING
------ ----- -------


N A M E             T Y P E  V A L U E   ATTRIBUTES



REGISTER BANK(S) USED: 0 


ASSEMBLY COMPLETE.  0 WARNING(S), 0 ERROR(S)
