A51 MACRO ASSEMBLER  PRIME                                                                07/16/2024 11:02:38 PAGE     1


MACRO ASSEMBLER A51 V8.2.7.0
OBJECT MODULE PLACED IN .\Objects\Prime.obj
ASSEMBLER INVOKED BY: D:\Keil_v5\C51\BIN\A51.EXE Prime.a51 SET(SMALL) DEBUG PRINT(.\Listings\Prime.lst) OBJECT(.\Objects
                      \Prime.obj) EP

LOC  OBJ            LINE     SOURCE

                       1     ;Find numbers from a list that are divisable by 5
0000 7820              2     mov r0,#20h
0002 7930              3     mov r1,#30h
0004 7F0A              4     mov r7,#0ah
0006 75F005            5     loop:mov b,#05h
0009 E6                6             mov a,@r0
000A FB                7             mov r3,a
000B 84                8             div ab
000C E5F0              9             mov a,b
000E 6002             10             jz divisable
0010 8003             11             jmp then
0012 EB               12             divisable:mov a,r3
0013 F7               13                     mov @r1,a
0014 09               14                     inc r1
0015 08               15             then:inc r0
0016 DFEE             16             djnz r7,loop
                      17     end
A51 MACRO ASSEMBLER  PRIME                                                                07/16/2024 11:02:38 PAGE     2

SYMBOL TABLE LISTING
------ ----- -------


N A M E             T Y P E  V A L U E   ATTRIBUTES

B. . . . . . . . .  D ADDR   00F0H   A   
DIVISABLE. . . . .  C ADDR   0012H   A   
LOOP . . . . . . .  C ADDR   0006H   A   
THEN . . . . . . .  C ADDR   0015H   A   


REGISTER BANK(S) USED: 0 


ASSEMBLY COMPLETE.  0 WARNING(S), 0 ERROR(S)
