A51 MACRO ASSEMBLER  SWAPSTORERESULTEXTERNAL                                              07/18/2024 22:18:34 PAGE     1


MACRO ASSEMBLER A51 V8.2.7.0
OBJECT MODULE PLACED IN .\Objects\SwapStoreResultExternal.obj
ASSEMBLER INVOKED BY: D:\Keil_v5\C51\BIN\A51.EXE SwapStoreResultExternal.a51 SET(SMALL) DEBUG PRINT(.\Listings\SwapStore
                      ResultExternal.lst) OBJECT(.\Objects\SwapStoreResultExternal.obj) EP

LOC  OBJ            LINE     SOURCE

                       1     ;Swap 4 MSBs with 4 LSBs in Accumulator and store in 9100H memory location.
                       2     
0000 74F0              3     mov a,#0f0h
0002 C4                4     swap a
0003 909100            5     mov dptr,#9100h
0006 F0                6     movx @dptr,a
                       7     end
A51 MACRO ASSEMBLER  SWAPSTORERESULTEXTERNAL                                              07/18/2024 22:18:34 PAGE     2

SYMBOL TABLE LISTING
------ ----- -------


N A M E             T Y P E  V A L U E   ATTRIBUTES



REGISTER BANK(S) USED: 0 


ASSEMBLY COMPLETE.  0 WARNING(S), 0 ERROR(S)
